// Jest Snapshot v1, https://goo.gl/fbAQLP

exports[`<_ComicPage /> renders correctly 1`] = `
<div>
  <content
    className="pageContainer"
  >
    <WithStyles(Paper)
      className="itemProfile"
      elevation={12}
    >
      <h1
        className="itemProfileTitle"
      >
        Comic Title
      </h1>
      <Component
        imgSize="portrait_uncanny"
        item={
          Object {
            "description": "Comic Description",
            "thumbnail": Object {
              "extension": "png",
              "path": "/a/href/to/an/image",
            },
            "title": "Comic Title",
            "urls": Array [
              Object {
                "type": "wiki",
                "url": "/aURL",
              },
            ],
          }
        }
      />
      <p>
        Comic Description
      </p>
    </WithStyles(Paper)>
  </content>
</div>
`;
