// Jest Snapshot v1, https://goo.gl/fbAQLP

exports[`<NotFound /> renders correctly 1`] = `
<div>
  <content
    className="pageContainer"
  >
    <WithStyles(Paper)
      elevation={12}
    >
      <WithStyles(Typography)
        align="center"
        className="appHeader"
        color="primary"
      >
        <h1
          className="itemProfileTitle"
        >
          Sorry we couldn;t find the page you're looking for :(
        </h1>
      </WithStyles(Typography)>
    </WithStyles(Paper)>
  </content>
</div>
`;
