// Jest Snapshot v1, https://goo.gl/fbAQLP

exports[`<Header /> renders correctly 1`] = `
<WithStyles(AppBar)
  position="static"
>
  <WithStyles(Toolbar)>
    <WithStyles(Typography)
      align="center"
      className="appHeader"
      color="primary"
    >
      <Link
        href="/"
        replace={false}
        to="/"
      >
        <h1
          className="appTitle"
        >
          Marvel Browser
        </h1>
      </Link>
    </WithStyles(Typography)>
    <HeaderMenu
      menuName="Characters"
      menuOptions={
        Array [
          Object {
            "name": "Search",
          },
          Object {
            "href": "/characters/A/1",
            "name": "Browse",
          },
          Object {
            "href": "/characters/random",
            "name": "Random",
          },
        ]
      }
    />
    <HeaderMenu
      menuName="Comics"
      menuOptions={
        Array [
          Object {
            "name": "Search",
          },
          Object {
            "href": "/comics/A/1",
            "name": "Browse",
          },
          Object {
            "href": "/comics/random",
            "name": "Random",
          },
        ]
      }
    />
    <HeaderMenu
      menuName="Series"
      menuOptions={
        Array [
          Object {
            "name": "Search",
          },
          Object {
            "href": "/series/A/1",
            "name": "Browse",
          },
          Object {
            "href": "/series/random",
            "name": "Random",
          },
        ]
      }
    />
  </WithStyles(Toolbar)>
</WithStyles(AppBar)>
`;
