// Jest Snapshot v1, https://goo.gl/fbAQLP

exports[`<CharacterTile /> renders correctly 1`] = `
<WithStyles(Paper)
  className="itemTile"
  elevation={12}
  key="1009146_tile"
>
  <h1
    className="itemTitle"
  >
    Abomination
  </h1>
  <Link
    href="/characters/id/1009146"
    replace={false}
    title="Click to see Abomination's profile"
    to={
      Object {
        "pathname": "/characters/id/1009146",
        "state": Object {
          "item": Object {
            "id": 1009146,
            "name": "Abomination",
            "thumbnail": Object {
              "extension": "png",
              "path": "/a/href/to/an/image",
            },
          },
        },
      }
    }
  >
    <Component
      imgSize="portrait_medium"
      item={
        Object {
          "id": 1009146,
          "name": "Abomination",
          "thumbnail": Object {
            "extension": "png",
            "path": "/a/href/to/an/image",
          },
        }
      }
    />
  </Link>
</WithStyles(Paper)>
`;
