// Jest Snapshot v1, https://goo.gl/fbAQLP

exports[`<PaginationMenu /> renders correctly 1`] = `
<div
  className="menu"
>
  <div
    className="menuTile"
    key="pagination_div_0"
  >
    <Link
      href="/characters/A/1"
      key="pagination_0"
      replace={false}
      to="/characters/A/1"
    >
      1
    </Link>
  </div>
  <div
    className="menuTile"
    key="pagination_div_1"
  >
    <Link
      href="/characters/A/2"
      key="pagination_1"
      replace={false}
      to="/characters/A/2"
    >
      2
    </Link>
  </div>
  <div
    className="menuTile"
    key="pagination_div_2"
  >
    <Link
      href="/characters/A/3"
      key="pagination_2"
      replace={false}
      to="/characters/A/3"
    >
      3
    </Link>
  </div>
  <div
    className="menuTile"
    key="pagination_div_3"
  >
    <Link
      href="/characters/A/4"
      key="pagination_3"
      replace={false}
      to="/characters/A/4"
    >
      4
    </Link>
  </div>
  <div
    className="menuTile"
    key="pagination_div_4"
  >
    <Link
      href="/characters/A/5"
      key="pagination_4"
      replace={false}
      to="/characters/A/5"
    >
      5
    </Link>
  </div>
  <div
    className="menuTile"
    key="pagination_div_5"
  >
    <Link
      href="/characters/A/6"
      key="pagination_5"
      replace={false}
      to="/characters/A/6"
    >
      6
    </Link>
  </div>
  <div
    className="menuTile"
    key="pagination_div_6"
  >
    <Link
      href="/characters/A/7"
      key="pagination_6"
      replace={false}
      to="/characters/A/7"
    >
      7
    </Link>
  </div>
  <div
    className="menuTile"
    key="pagination_div_7"
  >
    <Link
      href="/characters/A/8"
      key="pagination_7"
      replace={false}
      to="/characters/A/8"
    >
      8
    </Link>
  </div>
  <div
    className="menuTile"
    key="pagination_div_8"
  >
    <Link
      href="/characters/A/9"
      key="pagination_8"
      replace={false}
      to="/characters/A/9"
    >
      9
    </Link>
  </div>
  <div
    className="menuTile"
    key="pagination_div_9"
  >
    <Link
      href="/characters/A/10"
      key="pagination_9"
      replace={false}
      to="/characters/A/10"
    >
      10
    </Link>
  </div>
  <div
    className="menuTile"
    key="pagination_div_10"
  >
    <Link
      href="/characters/A/11"
      key="pagination_10"
      replace={false}
      to="/characters/A/11"
    >
      11
    </Link>
  </div>
  <div
    className="menuTile"
    key="pagination_div_11"
  >
    <Link
      href="/characters/A/12"
      key="pagination_11"
      replace={false}
      to="/characters/A/12"
    >
      12
    </Link>
  </div>
  <div
    className="menuTile"
    key="pagination_div_12"
  >
    <Link
      href="/characters/A/13"
      key="pagination_12"
      replace={false}
      to="/characters/A/13"
    >
      13
    </Link>
  </div>
  <div
    className="menuTile"
    key="pagination_div_13"
  >
    <Link
      href="/characters/A/14"
      key="pagination_13"
      replace={false}
      to="/characters/A/14"
    >
      14
    </Link>
  </div>
  <div
    className="menuTile"
    key="pagination_div_14"
  >
    <Link
      href="/characters/A/15"
      key="pagination_14"
      replace={false}
      to="/characters/A/15"
    >
      15
    </Link>
  </div>
</div>
`;
