// Jest Snapshot v1, https://goo.gl/fbAQLP

exports[`<CharacterPage /> renders correctly 1`] = `
<div>
  <content
    className="characterPage"
  >
    <div
      className="characterProfile"
    >
      <h1
        className="characterProfileTitle"
      >
        Abomination
      </h1>
      <Component
        character={
          Object {
            "comics": Object {
              "available": 10,
            },
            "description": "He's an abomination",
            "id": 1009146,
            "name": "Abomination",
            "series": Object {
              "available": 2,
            },
            "stories": Object {
              "available": 5,
            },
            "thumbnail": Object {
              "extension": "png",
              "path": "/a/href/to/an/image",
            },
          }
        }
        imgSize="portrait_uncanny"
      />
      <p>
        He's an abomination
      </p>
      <p>
        10 Comics
      </p>
      <p>
        2 Series
      </p>
      <p>
        5 Stories
      </p>
    </div>
  </content>
</div>
`;
